// Jest Snapshot v1, https://goo.gl/fbAQLP

exports[`<ReactTimeframe /> renders correctly 1`] = `ShallowWrapper {}`;
